---
source: src/walk_paths.rs
expression: relative_path
---
Some(
    "../p3",
)
